<FONT SIZE=+2>If you add one to your number, the result is <B>103</B><P>If you add 5 to that, the result is <B>108</B></FONT>