These are the days of the week:<P>Monday Tuesday Wednesday Thursday Friday Saturday Sunday