<html>
<head>
<title>Encoding03.jsp</title>
</head>
<body bgcolor="white">
This is not recognized as a delimiter either:<br>
Joe said %\> bar.
</body>
</html>
