<html>
<head>
<title>Encoding02.jsp</title>
</head>
<body bgcolor="white">
This is legal in the spec:<br>
Joe said %> foo.
</body>
</html>
