The first day of the week is Sunday<P>The third day of the week is Tuesday