div is 11, parens is 5, subadd is 11 and parens_subadd is 1