These are the days of the week:<p>Monday Tuesday Wednesday Thursday Friday Saturday Sunday