Congratulations! Your married name would be jane smith.
