


<h2>Test Character</h2>
<h2>‹› Unicode = 9b5a</hr>
