<P>You entered 2 with an exponent of 4<P>2 raised to the 4 power is 16.