	<Title> Hello World! </Title>
	<H1>	Hello World! </H1>
