Output from Include07
Output from Include07b
Output from Include07c
Output from Include07
