==========
Include06a output
==========
Include06b.jsp output
==========
