<a >text<b ></b></a><a >text<b ></b></a><c ><d >text</d></c><c ><d >text</d></c><e ><f ></f>text<f ></f></e><e ><f ></f>text<f ></f></e>