The numbers you entered were:<LI>289<P>The square roots of those numbers are: <LI>17