<html>
<head>
<title>Property01.jsp - Positive PropertyEditor Test</title>
</head>
<body bgcolor="white">


Date property is '2001-07-25'.
</body>
</html>
