[an error occurred while processing this directive]
